[    0.000] itialiincgoup susycpet
[   00000] Initializing cgroup subsys cpu
[    0.000000] Initializing cgroup subsys cpuacct
[    0.000000] Linux version 4.4.0-169-generic (buildd@lgw01-amd64-038) (gcc version 5.4.0 20160609 (Ubuntu 5.4.0-6ubuntu1~16.04.12) ) #198-Ubuntu SMP Tue Nov 12 10:38:00 UTC 2019 (Ubuntu 4.4.0-169.198-generic 4.4.197)
[    0.000000] Command line: BOOT_IMAGE=/boot/vmlinuz-4.4.0-169-generic root=LABEL=cloudimg-rootfs ro console=tty1 console=ttyS0
[    0.000000] KERNEL supported cpus:
[    0.000000]   Intel GenuineIntel
[    0.000000]   AMD AuthenticAMD
[    0.000000]   Centaur CentaurHau
[  00000 x/fu: xatoffs[2  76, ta_siz[2  256
[  .00000] 6/pu: ppting XVEeaure 0x: x87 flatg oint rgier'
[    0.000000] x86/fpu: Supporting XSAVE feature 0x02: 'SSE registers'
[    0.000000] x86/fpu: Supporting XSAVE feature 0x04: 'AVX registers'
[    0.000000] x86/fpu: Enabled xstate features 0x7, context size is 832 bytes, using 'standard' format.
[    0.000000] e820: BIOS-provided physical RAM map:
[    0.000000] BIOS-e820: [mm 0000000000000x00000000fbff] sae
[   00000 BIOS-e820: [mem 0x000000000009fc00-0x000000000009ffff] reserved
[    0.000000] BIOS-e820: [mem 0x00000000000f0000-0x00000000000fffff] reserved
[    0.000000] BIOS-e820: [mem 0x0000000000100000-0x000000007ffeffff] usable
[    0.000000] BOS-e820: [em 0x000000007fff0000-0x000000007fffffff] ACPI data
[    0.000000] BIOS-e820: [mem 0x00000000fec00000-0x00000000fec00fff] reserved
[    0.000000] BIOS-e820: [mem 0x00000000fee00000-0x00000000fee00fff] reserved
[    0.000000] BIOS-e820: [mem 0x00000000fffc0000-0xx00000000ffffffff] reserved
[    0.000000] NX (Execute Disable) protection: active
[    0.000000] SMBIOS 2.5 present.
[    0.000000] Hypervisor detected: KVM
[    0.000000] e820: last_pfn = 0x7fff0 max_arch_pfn = 0x400000000
[    0.000000] MTRR: Disabled
[    0.000000] x86/PAT: MTRRs disabled, skipping PAT initialization too.
[    0.000000] CPU MTRRs all blank - virtualized system.
[    0.000000] x86/PAT: Configuration [0-7]: WB  WT  UC- UC  WB  WT  UC- UC  
[    0.000000] found SMP MP-table at [mem 0x009fff0-0x0009ffff] mapped at [ffff88000009fff0]
[    0.0000000] Scanning 1 areas for low memory corruption
[    0.000000] RAMDISK: [mem 0x362f2000-0x37170fff]
[    0.000000] ACPI: Early table checksum verification disabled
[    0.000000] ACPI: RSDP 0x00000000000E0000 000024 (v02 VBOX  )
[    0.000000] ACPI: XSDT 0x000000007FFF0030 00003C (v01 VBOX   VBOXXSDT 00000001 ASL  00000061)
[    0.000000] ACPI: FACP 0x000000007FFF00F0 0000F4 (v04 VBOX   VBOXFACP 00000001 ASL  00000061)
[    0.000000] ACPI: DSDT 0x000000007FFF0470 0021FF (v02 VBOX   VBOXBIOS 00000002 INTL 20180105)
[    0.000000] ACPI: FACS 0x000000007FFF0200 000040
[    0.000000] ACPI: FACS 0x000000007FFF0200 000040
[    0.000000] ACPI: APIC 0x000000007FFF0240 00005C (v02 VBOX   VBOXAPIC 00000001 ASL  00000061)
[    0.000000] ACPI: SSDT 0x000000007FFF02A0 0001CC (v01 VBOX   VBOXCPUT 00000002 INTL 20180105)
[    0.000000] No NUMA configuration found
[    0.000000] Faking a node at [mem 0x0000000000000000-0x000000007ffeffff]
[    0.000000] NODE_DATA(0) allocated [mem 0x7ffeb000-0x7ffeffff]
[    0.000000] kvm-clock: Using msrs 4b564d01 and 4b564d00
[    0.000000] kvm-clock: cpu 0, msr 0:7ffe3001, primary cpu clock
[    0.000000] kvm-clock: using sched offset of 3074651938 cycles
[    0.000000] clocksource: kvm-clock: mask: 0xffffffffffffffff max_cycles: 0x1cd42e4dffb, max_idle_ns: 881590591483 ns
[    0.000000] Zone ranges:
[    0.000000]   DMA      [mem 0x0000000000001000-0x0000000000ffffff]
[    0.000000]   DMA32    [mem 0x0000000001000000-0x000000007ffeffff]
[    0.000000]   Normal   empty
[    0.000000]   Device   empty
[    0.000000] Movable zone start for each node
[    0.000000] Early memory node ranges
[    0.000000]   node   0: [mem 0x0000000000001000-0x000000000009efff]
[    0.000000]   node   0: [mem 0x0000000000100000-0x000000007ffeffff]
[    0.000000] Initmem setup node 0 [mem 0x0000000000001000-0x000000007ffeffff]
[    0.00000] ACPI: PM-Timer IO Port: 0x4008
[    0.000000] IOAPIC[0]: apic_id 2, version 32, address 0xfec00000, GSI 0-23
[    0.000000] ACPI: INT_SRC_OVR (bus 0 bus_irq 0 global_irq 2 dfl dfl)
[    0.000000] ACPI: INT_SRC_OVR (bus 0 bus_irq 9 global_irq 9 low level)
[    0.000000] Using ACPI (MADT) for SMP configuration information
[    0.000000] smpboot: Allowing 2 CPUs, 0 hotplug CPUs
[    0.000000] PM: Registered nosave memory: [mem 0x00000000-0x00000fff]
[    0.000000] PM: Registered nosave memory: [mem 0x0009f000-0x0009ffff]
[    0.000000] PM: Registered nosave memory: [mem 0x000a0000-0x000effff]
[    0.000000] PM: Registered nosave memory: [mem 0x000f0000-0x000fffff]
[    0.000000] e820: [mem 0x80000000-0xfebfffff] available for PCI devices
[    0.000000] Booting paravirtualized kernel on KVM
[    0.000000] clocksource: refined-jiffies: mask: 0xffffffff max_cycles: 0xffffffff, max_idle_ns: 7645519600211568 ns
[    0.000000] setup_percpu: NR_CPUS:512 nr_cpumask_bits:512 nr_cpu_ids:2 nr_node_ids:1
[    0.000000] PERCPU: Embedded 33 pages/cpu @ffff88007fc00000 s95448 r8192 d31528 u1048576
[    0.000000] Built 1 zonelists in Node order, mobility grouping on.  Total pages: 515960
[    0.000000] Policyy zone DMA32
[    0.000000] Kernel command line: BOOT_IMAGE=/boot/vmlinuz-4.4.0-169-generic root=LABEL=cloudimg-rootfs ro console=tty1 console=ttyS0
[    0.000000] PID hash table entries: 4096 (order: 3, 32768 bytes)
[    0.000000] Memory: 2029904K/2096696K available (8623K kernel code, 1336K rwdata, 4036K rodata, 1488K init, 1288K bss, 66792K reserved, 0K cma-reserved)
[    0.000000] SLUB: HWalign=64, Order=0-3, MinObjects=0, CPUs=2, Nodes=1
[    0.000000] Kernel/User page tables isolation: enabled
[    0.000000] Hierarchical RCU implementation.
[    0.000000] 	Build-time adjustment of leaf fanout to 64.
[    0.000000] 	RCU restricting CPUs from NR_CPUS=512 to nr_cpu_ids=2.
[    0.000000] RCUAdjuti gmetry orcufanoutle=6, nr_cu_s=
[   00000] N_IS:3024r_qs440 16
[   0.00000] onle colou V+ 0x25
  0.0000] nse [tty] abed
  0.0000] onle[tty0]naed
[    0.000000] tsc: Detected 2220.850 MHz processor
[    2.452425] Calibrating delay loop (skipped) preset value.. 4441.70 BogoMIPS (lpj=8883400)
[    2.677150] pid_max: default: 32768 minimum: 301
[    2.690399] ACPI: Core revision 20150930
[    2.691796] ACPI: 2 ACPI AML tables successfully acquired and loaded
[    2.692850] Security Framework initialized
[    2.693518] Yama: becoming mindful.
[    2.694125] AppArmor: AppArmor initialized
[    2.695223] Dentry cache hash table entries: 262144 (order: 9, 2097152 bytes)
[    2.696503] Inode-cache hash table entries: 131072 (order: 8, 1048576 bytes)
[    2.698018] Mount-cache hash table entries: 4096 (order: 3, 32768 bytes)
[    2.698987] Mountpoint-cache hash table entries: 4096 (order: 3, 32768 bytes)
[    2.700114] Initializing cgroup subsys io
[    2.700794] Initializing cgroup subsys memory
[    2.701495] Initializing cgroup subsys devices
[    2.702199] Initializing cgroup subsys freezer
[    2.702903] Initializing cgroup subsys net_cls
[    2.703608] Initializing cgroup subsys perf_event
[    2.704341] Initializing cgroup subsys net_prio
[    2.705076] Initializing cgroup subsys hugetlb
[    2.705781] Initializing cgroup subsys pids
[    2.707793] mce: CPU supports 0 MCE banks
[    2.708473] Last level iTLB entries: 4KB 64, 2MB 8, 4MB 8
[    2.709314] Last level dTLB entries: 4KB 64, 2MB 0, 4MB 0, 1GB 4
[    2.710197] Spectre V1 : Mitigation: usercopy/swapgs barriers and __user pointer sanitization
[    2.711521] Spectre V2 : Mitigation: Full generic retpoline
[    2.712354] Spectre V2 : Spectre v2 / SpectreRSB mitigation: Filling RSB on context switch
[    2.713672] Speculative Store Bypass: Vulnerable
[    2.714490] MDS: Vulnerable: Clear CPU buffers attempted, no microcode
[    2.722698] Freeing SMP alternatives memory: 36K
[    2.727782] ftrace: allocating 32301 entries in 127 pages
[    2.775513] smpboot: APIC(0) Converting physiccl 0 to logical package 0
[    2.916140] smpboot: Max logical packages: 1
[    2.960806] x2apic enabled
[    2.961513] Switched APIC routing to physical x2apic.
[    2.963238] ..TIMER: vector=0x30 apic1=0 pin1=2 apic2=-1 pin2=-1
[    3.073272] smpboot: CPU0: Intel(R) Core(TM) i5-7260U CPU @ 2.20GHz (family: 0x6, model: 0x8e, stepping: 0x9)
[    3.105866] Performance Events: unsupported p6 CPU model 142 no PMU driver, software events only.
[    3.250887] KVM setup paravirtual spinlock
[    3.257827] x86: Booting SMP configuration:
[    3.267885] .... node  #0, CPUs:      #1
[    3.268641] kvm-clock: cpu 1, msr 0:7ffe3041, secondary cpu clock
[    3.270789] mce: CPU supports 0 MCE banks
[    3.276415] x86: Booted up 1 node, 2 CPUs
[    3.277246] smpboot: Total of 2 processors activated (8883.40 BogoMIPS)
[    3.278599] devtmpfs: initialized
[    3.280968] evm: security.selinux
[    3.281554] evm: security.SMACK64
[    3.282129] evm: security.SMACK64EXEC
[    3.282761] evm: security.SMACK64TRANSMUTE
[    3.283426] evm: security.SMACK64MMAP
[    3.284039] evm: security.ima
[    3.284575] evm: security.capability
[    3.285351] clocksource: jiffies: mask: 0xffffffff max_cycles: 0xffffffff, max_idle_ns: 7645041785100000 ns
[    3.286819] futex hash table entries: 512 (order: 3, 32768 bytes)
[    3.287820] pinctrl core: initialized pinctrl subsystem
[    3.288698] RTC time:  8:39:40, date: 01/16/20
[    3.289579] NET: Registered protocol family 16
[    3.302315] cpuidle: using governor ladder
[    3.318105] cpuidle: using governor menu
[    3.324075] PCCT header not found.
[    3.324727] ACPI: bus type PCI registered
[    3.325399] acpiphp: ACPI Hot Plug PCI Controller Driver version: 0.5
[    3.326438] PCI: Using configuration type 1 for base access
[    3.338354] ACPI: Added _OSI(Module Device)
[    3.370100] ACPI: Added _OSI(Processor Device)
[    3.370816] ACPI: Added _OSI(3.0 _SCP Extensions)
[    3.371552] ACPI: Added _OSI(Processor Aggregator Device)
[    3.372908] ACPI: Executed 1 blocks of module-level executable AML code
[    3.377036] ACPI: Interpreter enabled
[    3.383541] ACPI: (supports S0 S5)
[    3.384142] ACPI: Using IOAPIC for interrupt routing
[    3.385053] PCI: Using host bridge windows from ACPI; if necessary, use "pci=nocrs" and report a bug
[    3.389151] ACPI: PCI Root Bridge [PCI0] (domain 0000 [bus 00-ff])
[    3.391569] acpi PNP0A03:00: _OSC: OS supports [ASPM ClockPM Segments MSI]
[    3.392588] acpi PNP0A03:00: _OSC: not requesting OS control; OS requires [ExtendedConfig ASPM ClockPM MSI]
[    3.394093] acpi PNP0A03:00: fail to add MMCONFIG information, can't access extended PCI configuration space under this bridge.
[    3.395970] PCI host bridge to bus 0000:00
[    3.396663] pci_bus 0000:00: root bus resource [io  0x0000-0x0cf7 window]
[    3.397650] pci_bus 0000:00: root bus resource [io  0x0d00-0xffff window]
[    3.398653] pci_bus 0000:00: root bus resource [mem 0x000a0000-0x000bffff window]
[    3.399882] pci_bus 0000:00: root bus resource [mem 0x80000000-0xfdffffff window]
[    3.401121] pci_bus 0000:00: root bus resource [bus 00-ff]
[    3.403069] pci 0000:00:01.1: legacy IDE quirk: reg 0x10: [io  0x01f0-0x01f7]
[    3.404104] pci 0000:00:01.1: legacy IDE quirk: reg 0x14: [io  0x03f6]
[    3.405079] pci 0000:00:01.1: legacy IDE quirk: reg 0x18: [io  0x0170-0x0177]
[    3.406117] pci 0000:00:01.1: legacy IDE quirk: reg 0x1c: [io  0x0376]
[    3.434419] pci 0000:00:07.0: quirk: [io  0x4000-0x403f] claimed by PIIX4 ACPI
[    3.448437] pci 0000:00:07.0: quirk: [io  0x4100-0x410f] claimed by PIIX4 SMB
[    3.468100] ACPI: PCI Interrupt Link [LNKA] (IRQs 5 9 10 *11)
[    3.502699] ACPI: PCI Interrupt Link [LNKB] (IRQs 5 9 *10 11)
[    3.503916] ACPI: PCI Interrupt Link [LNKC] (IRQs 5 *9 10 11)
[    3.505137] ACPI: PCI Interrupt Link [LNKD] (IRQs 5 9 10 *11)
[    3.506391] ACPI: Enabled 2 GPEs in block 00 to 07
[    3.507528] vgaarb: setting as boot device: PCI:0000:00:02.0
[    3.508380] vgaarb: device added: PCI:0000:00:02.0,decodes=io+mem,owns=io+mem,locks=none
[    3.509660] vgaarb: loaded
[    3.511259] vgaarb: bridge control possible 0000:00:02.0
[    3.512277] SCSI subsystem initialized
[    3.513030] ACPI: bus type USB registered
[    3.513710] usbcore: registered new interface driver usbfs
[    3.514543] usbcore: registered new interface driver hub
[    3.515356] usbcore: registered new device driver usb
[    3.516406] PCI: Using ACPI for IRQ routing
[    3.517299] NetLabel: Initializing
[    3.517887] NetLabel:  domain hash size = 128
[    3.518578] NetLabel:  protocols = UNLABELED CIPSOv4
[    3.519369] NetLabel:  unlabeled traffic allowed by default
[    3.525602] amd_nb: Cannot enumerate AMD northbridges
[    3.526453] clocksource: Switched to clocksource kvm-clock
[    3.532365] AppArmor: AppArmor Filesystem Enabled
[    3.591433] pnp: PnP ACPI init
[    3.592478] pnp: PnP ACPI: found 3 devices
[  3015]losoce acpi_pm: mask: 0xffffff max_cycles: 0xffffff, max_idle_ns: 2085701024 ns
[    4.114077] NET: Registered protocol family 2
[    4.114938] TCP established hash table entries: 16384 (order: 5, 131072 bytes)
[    4.116163] TCP bind hash table entries: 16384 (order: 6, 262144 bytes)
[    4.134143] TCP: Hash tables configured (established 16384 bind 16384)
[    4.135109] UDP hash table entries: 1024 (order: 3, 32768 bytes)
[    4.135993] UDP-Lite hash table entries: 1024 (order: 3, 32768 bytes)
[    4.136953] NET: Registered protocol family 1
[    4.137662] pci 0000:00:00.0: Limiting direct PCI/PCI transfers
[    4.138557] pci 0000:00:01.0: Activating ISA DMA hang workarounds
[    4.139544] Unpacking initramfs...
[    4.323490] Freeing initrd memory: 14844K
[    4.510548] clocksource: tsc: mask: 0xffffffffffffffff max_cycles: 0x2003230eb17, max_idle_ns: 440795239927 ns
[    4.512182] platform rtc_cmos: registered platform RTC device (no PNP device found)
[    4.550981] Scanning for low memory corruption every 60 seconds
[    4.552070] audit: initializing netlink subsys (disabled)
[    4.552805] audit: type=2000 audit(1579163983.119:1): initialized
[    4.553811] Initialise system trusted keyring
[    4.554632] HugeTLB registered 2 MB page size, pre-allocated 0 pages
[    4.556476] zbud: loaded
[    4.557280] VFS: Disk quotas dquot_6.6.0
[    4.557910] VFS: Dquot-cache hash table entries: 512 (order 0, 4096 bytes)
[    4.558957] squashfs: version 4.0 (2009/01/31) Phillip Lougher
[    4.560013] fuse init (API version 7.23)
[    4.560734] Key type big_key registered
[    4.561333] Allocating IMA MOK and blacklist keyrings.
[    4.562785] Key type asymmetric registered
[    4.563391] Asymmetric key parser 'x509' registered
[    4.571267] Block layer SCSI generic (bsg) driver version 0.4 loaded (major 249)
[    4.572557] io scheduler noop registered
[    4.573209] io scheduler deadline registered (default)
[    4.574022] io scheduler cfq registered
[    4.574744] pci_hotplug: PCI Hot Plug PCI Core version: 0.5
[    4.575612] pciehp: PCI Express Hot Plug Controller Driver version: 0.4
[    4.576665] ACPI: AC Adapter [AC] (on-line)
[    4.577390] input: Power Button as /devices/LNXSYSTM:00/LNXPWRBN:00/input/input0
[    4.580275] ACPI: Power Button [PWRF]
[    4.580944] input: Sleep Button as /devices/LNXSYSTM:00/LNXSLPBN:00/input/input1
[    4.582148] ACPI: Sleep Button [SLPF]
[    4.582971] GHES: HEST is not enabled!
[    4.583666] Serial: 8250/16550 driver, 32 ports, IRQ sharing enabled
[    4.605949] 00:02: ttyS0 at I/O 0x3f8 (irq = 4, base_baud = 115200) is a 16550A
[    4.611418] Linux agpgart interface v0.103
[    4.619226] loop: module loaded
[    4.630449] scsi host0: ata_piix
[    4.631184] scsi host1: ata_piix
[    4.631800] ata1: PATA max UDMA/33 cmd 0x1f0 ctl 0x3f6 bmdma 0xd000 irq 14
[    4.632800] ata2: PATA max UDMA/33 cmd 0x170 ctl 0x376 bmdma 0xd008 irq 15
[    4.828993] libphy: Fixed MDIO Bus: probed
[    4.890071] tun: Universal TUN/TAP device driver, 1.6
[    4.890778] tun: (C) 1999-2004 Max Krasnyansky <maxk@qualcomm.com>
[    4.891628] PPP generic driver version 2.4.2
[    4.892303] ehci_hcd: USB 2.0 'Enhanced' Host Controller (EHCI) Driver
[    4.896540] ehci-pci: EHCI PCI platform driver
[    4.897197] ehci-platform: EHCI generic platform driver
[    4.897914] ohci_hcd: USB 1.1 'Open' Host Controller (OHCI) Driver
[    4.898715] ohci-pci: OHCI PCI platform driver
[    4.899378] ohci-platform: OHCI generic platform driver
[    4.900099] uhci_hcd: USB Universal Host Controller Interface driver
[    4.900965] i8042: PNP: PS/2 Controller [PNP0303:PS2K,PNP0f03:PS2M] at 0x60,0x64 irq 1,12
[    4.902547] serio: i8042 KBD port at 0x60,0x64 irq 1
[    4.903239] serio: i8042 AUX port at 0x60,0x64 irq 12
[    4.904021] mousedev: PS/2 mouse device common for all mice
[    4.905155] input: AT Translated Set 2 keyboard as /devices/platform/i8042/serio0/input/input2
[    4.906493] rtc_cmos rtc_cmos: rtc core: registered rtc_cmos as rtc0
[    4.907376] rtc_cmos rtc_cmos: alarms up to one day, 114 bytes nvram
[    4.908222] i2c /dev entries driver
[    4.908811] device-mapper: uevent: version 1.0.3
[    4.909519] device-mapper: ioctl: 4.34.0-ioctl (2015-10-28) initialised: dm-devel@redhat.com
[    4.910719] ledtrig-cpu: registered to indicate activity on CPUs
[    4.911863] NET: Registered protocol family 10
[    4.912677] NET: Registered protocol family 17
[    4.913328] Key type dns_resolver registered
[    4.914122] registered taskstats version 1
[    4.914736] Loading compiled-in X.509 certificates
[    4.915915] Loaded X.509 cert 'Build time autogenerated kernel key: ef3203c14e3994470d47ef6a7e15c1ade40f8e1e'
[    4.917254] zswap: loaded using pool lzo/zbud
[    4.919337] Key type trusted registered
[    4.927862] Key type encrypted registered
[    4.938137] AppArmor: AppArmor sha1 policy hashing enabled
[    4.938985] ima: No TPM chip found, activating TPM-bypass!
[    4.939823] ima: Allocated hash algorithm: sha1
[    4.940550] evm: HMAC attrs: 0x1
[    4.941406]   Magic number: 4:151:675
[    4.942051] vtconsole vtcon0: hash matches
[    4.942818] rtc_cmos rtc_cmos: setting system clock to 2020-01-16 08:39:42 UTC (1579163982)
[    4.944264] BIOS EDD facility v0.16 2004-Jun-25, 0 devices found
[    4.945144] EDD information not available.
[    4.984138] Freeing unused kernel memory: 1488K
[    5.008367] Write protecting the kernel read-only data: 14336k
[    5.010648] Freeing unused kernel memory: 1604K
[    5.012233] Freeing unused kernel memory: 60K
Loading, please wait...
starting version[    5.026467] random: systemd-udevd: uninitialized urandom read (16 bytes read, 3 bits of entropy available)
 229
[    5.027192] random: udevadm: uninitialized urandom read (16 bytes read, 3 bits of entropy available)
[    5.027211] random: udevadm: uninitialized urandom read (16 bytes read, 3 bits of entropy available)
[    5.034793] random: udevadm: uninitialized urandom read (16 bytes read, 3 bits of entropy available)
[    5.034836] random: udevadm: uninitialized urandom read (16 bytes read, 3 bits of entropy available)
[    5.034982] random: udevadm: uninitialized urandom read (16 bytes read, 3 bits of entropy available)
[    5.035033] random: udevadm: uninitialized urandom read (16 bytes read, 3 bits of entropy available)
[    5.035081] random: udevadm: uninitialized urandom read (16 bytes read, 3 bits of entropy available)
[    5.035129] random: udevadm: uninitialized urandom read (16 bytes read, 3 bits of entropy available)
[    5.035174] random: udevadm: uninitialized urandom read (16 bytes read, 3 bits of entropy available)
[    5.083423] Fusion MPT base driver 3.04.20
[    5.092036] Copyright (c) 1999-2008 LSI Corporation
[    5.112508] AVX2 version of gcm_enc/dec engaged.
[    5.275839] AES CTR mode by8 optimization enabled
[    5.277735] Fusion MPT SPI Host driver 3.04.20
[    5.286658] e1000: Intel(R) PRO/1000 Network Driver - version 7.3.21-k8-NAPI
[    5.287687] e1000: Copyright (c) 1999-2006 Intel Corporation.
[    5.288166] mptbase: ioc0: Initiating bringup
[    5.358913] ioc0: [    5.484332] input: ImExPS/2 Generic Explorer Mouse as /devices/platform/i8042/serio1/input/input4

[    5.567674] LSI53C1030 A0: Capabilities={Initiator}
[    5.741228] scsi host2: ioc0: LSI53C1030 A0, FwRev=00000000h, Ports=1, MaxQ=256, IRQ=20
[    5.862889] scsi 2:0:0:0: Direct-Access     VBOX     HARDDISK         1.0  PQ: 0 ANSI: 5
[    5.898196] scsi target2:0:0: Beginning Domain Validation
[    5.901994] scsi target2:0:0: Domain Validation skipping write tests
[    5.903530] scsi target2:0:0: Ending Domain Validation
[    5.904843] scsi target2:0:0: asynchronous
[    5.906196] scsi 2:0:1:0: Direct-Access     VBOX     HARDDISK         1.0  PQ: 0 ANSI: 5
[    5.910556] scsi target2:0:1: Beginning Domain Validation
[    5.913721] scsi target2:0:1: Domain Validation skipping write tests
[    5.915822] scsi target2:0:1: Ending Domain Validation
[    5.916621] scsi target2:0:1: asynchronous
[    5.931284] sd 2:0:0:0: Attached scsi generic sg0 type 0
[    5.946304] sd 2:0:0:0: [sda] 20971520 512-byte logical blocks: (10.7 GB/10.0 GiB)
[    5.948901] sd 2:0:0:0: [sda] Write Protect is off
[    5.950895] sd 2:0:0:0: [sda] Incomplete mode parameter data
[    5.951801] sd 2:0:0:0: [sda] Assuming drive cache: write through
[    5.953348] sd 2:0:1:0: Attached scsi generic sg1 type 0
[    5.953943] sd 2:0:1:0: [sdb] 20480 512-byte logical blocks: (10.5 MB/10.0 MiB)
[    5.954032] sd 2:0:1:0: [sdb] Write Protect is off
[    5.954094] sd 2:0:1:0: [sdb] Incomplete mode parameter data
[    5.954096] sd 2:0:1:0: [sdb] Assuming drive cache: write through
[    5.958246]  sda: sda1
[    5.964658] sd 2:0:0:0: [sda] Attached SCSI disk
[    5.970885] sd 2:0:1:0: [sdb] Attached SCSI disk
[    6.213693] e1000 0000:00:03.0 eth0: (PCI:33MHz:32-bit) 02:1a:6e:a3:7e:96
[    6.333487] e1000 0000:00:03.0 eth0: Intel(R) PRO/1000 Network Connection
[    6.762751] e1000 0000:00:08.0 eth1: (PCI:33MHz:32-bit) 08:00:27:55:db:b3
[    6.896186] e1000 0000:00:08.0 eth1: Intel(R) PRO/1000 Network Connection
[    6.983720] e1000 0000:00:08.0 enp0s8: renamed from eth1
[    7.014945] e1000 0000:00:03.0 enp0s3: renamed from eth0
Begin: Loading e[    8.503086] md: linear personality registered for level -1
ssential drivers ... [    8.529301] md: multipath personality registered for level -4
[    8.568952] md: raid0 personality registered for level 0
[    8.589735] md: raid1 personality registered for level 1
[    8.715478] raid6: sse2x1   gen() 12012 MB/s
[    8.802864] raid6: sse2x1   xor()  7737 MB/s
[    8.903116] raid6: sse2x2   gen() 14685 MB/s
[    9.133029] raid6: sse2x2   xor() 10499 MB/s
[    9.490939] raid6: sse2x4   gen() 17721 MB/s
[    9.570479] raid6: sse2x4   xor() 12216 MB/s
[    9.640050] raid6: avx2x1   gen() 24130 MB/s
[    9.729550] raid6: avx2x2   gen() 28618 MB/s
[    9.809047] raid6: avx2x4   gen() 26827 MB/s
[    9.827737] raid6: using algorithm avx2x2 gen() 28618 MB/s
[    9.828469] raid6: using avx2x2 recovery algorithm
[    9.830194] xor: automatically using best checksumming function:
[    9.870481]    avx       : 25668.000 MB/sec
[    9.995568] async_tx: api initialized (async)
[   10.305447] md: raid6 personality registered for level 6
[   10.404536] md: raid5 personality registered for level 5
[   10.408904] md: raid4 personality registered for level 4
[   10.415181] md: raid10 personality registered for level 10
done.
Begin: Running[   10.447822] Btrfs loaded
 /scripts/init-premount ... done.
Begin: Mounting root file system ... Begin: Running /scripts/local-top ... done.
Begin: Runn[   10.485936] EXT4-fs (sda1): INFO: recovery required on readonly filesystem
ing /scripts/local-premount ... Scanning for Btrfs filesystems
done.
Warning: [   10.624964] EXT4-fs (sda1): write access will be enabled during recovery
fsck not present, so skipping root file system
[   10.657239] EXT4-fs (sda1): orphan cleanup on readonly fs
[   10.676654] EXT4-fs (sda1): 6 orphan inodes deleted
[   10.684857] EXT4-fs (sda1): recovery complete
[   10.686076] EXT4-fs (sda1): mounted filesystem with ordered data mode. Opts: (null)
done.
Begin: Running /scripts/local-bottom ... done.
Begin: Running /scripts/init-bottom ... done.
[   10.827599] systemd[1]: systemd 229 running in system mode. (+PAM +AUDIT +SELINUX +IMA +APPARMOR +SMACK +SYSVINIT +UTMP +LIBCRYPTSETUP +GCRYPT +GNUTLS +ACL +XZ -LZ4 +SECCOMP +BLKID +ELFUTILS +KMOD -IDN)
[   10.848989] systemd[1]: Detected virtualization oracle.
[   10.894906] systemd[1]: Detected architecture x86-64.

Welcome to [1mUbuntu 16.04.6 LTS[0m!

[   109220syem1]Sehotne  <ubuntu-xenial>.
[   11.573396] systemd[1]: Started Trigger resolvconf update for networkd DNS.
[[0;32m  OK  [0m] Started Trigger resolvconf update for networkd DNS.
[   11.67554syem[1]: Lisenng on Journal Socket (/dev/log).
[[0;32m  OK  [0m] Listening on Journal Socket (/dev/log).
[   11.97475]ysem[1]: Listening on /dev/intcl mpibit NamePi.
[[0;32m  OK  [0m] Listening on /dev/initctl Compatibility Named Pipe.
[   12.466255] systemd[1]: Reached target Swap.
[[0;32m  OK  [0m] Reached target Swap.
[   12.468086] systemd[1]: Created slice System Slice.
[[0;32m  OK  [0m] Created slice System Slice.
[   12.469951] systemd[1]: Created slice system-serial\x2dgetty.slice.
[[0;32m  OK  [0m] Created slice system-serial\x2dgetty.slice.
[   12.473959] systemd[1]: Set up automount Arbitrary Executable File Formats File System Automount Point.
[[0;32m  OK  [0m] Set up automount Arbitrary Executab...ats File System Automount Point.
[   12.476636] systemd[1]: Listening on Syslog Socket.
[[0;32m  OK  [0m] Listening on Syslog Socket.
[   12.478285] systemd[1]: Listening on udev Control Socket.
[[0;32m  OK  [0m] Listening on udev Control Socket.
[   12.480077] systemd[1]: Listening on Journal Socket.
[[0;32m  OK  [0m] Listening on Journal Socket.
[   12.490687] systemd[1]: Mounting Debug File System...
         Mounting Debug File System...
[   12.504246] systemd[1]: Starting Load Kernel Modules...
         Starting Load Kernel Modules...
[   12.516672] systemd[1]: Starting Uncomplicated firewall...
[   12.707127] random: nonblocking pool is initialized
         [   12.872757] Loading iSCSI transport class v2.0-870.
Starting Uncomplicated firewall...
[   12.876219] systemd[1]: Mounting Huge Pages File System...
         Mounting Huge Pages File System...
[   12.941102] systemd[1]: Starting Remount Root and Kernel File Systems...
         [   13.373723] iscsi: registered transport (tcp)
Starting Remount Root and Kernel File Systems...
[   13.373846] EXT4-fs (sda1): re-mounted. Opts: (null)
[   13.402468] systemd[1]: Starting Nameserver information manager...
         Starting Nameserver information manager...
[   13.405506] systemd[1]: Started Forward Password Requests to Wall Directory Watch.
[[0;32m  OK  [0m] Started Forward Password Requests to Wall Directory Watch.
[   13.411331] systemd[1]: Created slice User and Session Slice.
[[0;32m  OK  [0m] Created slice User and Session Slice.
[   13.421098] systemd[1]: Reached target Slices.
[[0;32m  OK  [0m] Reached target Slices.
[   13.426884] systemd[1]: Listening on LVM2 metadata daemon socket.
[[0;32m  OK  [0m] Listening on LVM2 metadata daemon socket.
[   13.517141] iscsi: registered transport (iser)
[   13.594617] systemd[1]: Mounting POSIX Message Queue File System...
         Mounting POSIX Message Queue File System...
[   13.604437] systemd[1]: Reached target Encrypted Volumes.
[[0;32m  OK  [0m] Reached target Encrypted Volumes.
[   13.606236] systemd[1]: Listening on udev Kernel Socket.
[[0;32m  OK  [0m] Listening on udev Kernel Socket.
[   13.608017] systemd[1]: Reached target System Time Synchronized.
[[0;32m  OK  [0m] Reached target System Time Synchronized.
[   13.686794] systemd[1]: Listening on Device-mapper event daemon FIFOs.
[[0;32m  OK  [0m] Listening on Device-mapper event daemon FIFOs.
[   13.710747] systemd[1]: Starting Monitoring of LVM2 mirrors, snapshots etc. using dmeventd or progress polling...
         Starting Monitoring of LVM2 mirrors... dmeventd or progress polling...
[   13.758110] systemd[1]: Listening on LVM2 poll daemon socket.
[[0;32m  OK  [0m] Listening on LVM2 poll daemon socket.
[   13.855013] systemd[1]: Reached target User and Group Name Lookups.
[[0;32m  OK  [0m] Reached target User and Group Name Lookups.
[   13.893465] systemd[1]: Listening on Journal Audit Socket.
[[0;32m  OK  [0m] Listening on Journal Audit Socket.
[   13.918834] systemd[1]: Starting Journal Service...
         Starting Journal Service...
[   14.070672] systemd[1]: Starting Set console keymap...
         Starting Set console keymap...
[   14.161039] systemd[1]: Starting Create list of required static device nodes for the current kernel...
         Starting Create list of required st... nodes for the current kernel...
[   14.209449] systemd[1]: Mounted POSIX Message Queue File System.
[[0;32m  OK  [0m] Mounted POSIX Message Queue File System.
[   14.279970] systemd[1]: Mounted Debug File System.
[[0;32m  OK  [0m] Mounted Debug File System.
[   14.281472] systemd[1]: Mounted Huge Pages File System.
[[0;32m  OK  [0m] Mounted Huge Pages File System.
[   14.283128] systemd[1]: Started Journal Service.
[[0;32m  OK  [0m] Started Journal Service.
[[0;32m  OK  [0m] Started Load Kernel Modules.
[[0;32m  OK  [0m] Started Uncomplicated firewall.
[[0;32m  OK  [0m] Started Remount Root and Kernel File Systems.
[[0;32m  OK  [0m] Started Set console keymap.
[[0;32m  OK  [0m] Started Create list of required sta...ce nodes for the current kernel.
[[0;32m  OK  [0m] Started Nameserver information manager.
[[0;32m  OK  [0m] Started LVM2 metadata daemon.
         Starting Create Static Device Nodes in /dev...
         Starting Load/Save Random Seed...
         Starting udev Coldplug all Devices...
         Mounting FUSE Control File System...
         Starting Apply Kernel Variables...
         Starting Flush Journal to Persistent Storage...
[[0;32m  OK  [0m] Mounted FUSE Control File System.
[[0;32m  OK  [0m] Started Create Static Device Nodes in /dev.
[[0;32m  OK  [0m] Started Monitoring of LVM2 mirrors,...ng dmeventd or progress polling.
[[0;32m  OK  [0m] Started Load/Save Random Seed.
[[0;32m  OK  [0m] Started Apply Kernel Variables.
[[0;32m  OK  [0m] Started udev Coldplug all Devices.
[[0;32m  OK  [0m] Started Flush Journal to Persistent Storage.
         Starting udev Kernel Device Manager...
[[0;32m  OK  [0m] Reached target Local File Systems (Pre).
[[0;32m  OK  [0m] Reached target Local File Systems.
         Starting Tell Plymouth To Write Out Runtime Data...
         Starting Set console font and keymap...
         Starting Initial cloud-init job (pre-networking)...
         Starting Create Volatile Files and Directories...
         Starting LSB: AppArmor initialization...
[[0;32m  OK  [0m] Started udev Kernel Device Manager.
[[0;32m  OK  [0m] Started Tell Plymouth To Write Out Runtime Data.
[[0;32m  OK  [0m] Started Create Volatile Files and Directories.
[[0;32m  OK  [0m] Found device /dev/ttyS0.
[[0;32m  OK  [0m] Started LSB: AppArmor initialization.
[[0;32m  OK  [0m] Listening on Load/Save RF Kill Switch Status /dev/rfkill Watch.
         Starting Update UTMP about System Boot/Shutdown...
[[0;32m  OK  [0m] Started Dispatch Password Requests to Console Directory Watch.
[[0;32m  OK  [0m] Started Update UTMP about System Boot/Shutdown.
[   12.904169] cloud-init[482]: Cloud-init v. 19.2-36-g059d049c-0ubuntu2~16.04.1 running 'init-local' at Thu, 16 Jan 2020 08:39:53 +0000. Up 12.68 seconds.
[[0;32m  OK  [0m] Found device 82540EM Gigabit Ethern...r (PRO/1000 MT Desktop Adapter).
[[0;32m  OK  [0m] Found device 82540EM Gigabit Ethern...r (PRO/1000 MT Desktop Adapter).
[[0;32m  OK  [0m] Started Initial cloud-init job (pre-networking).
[[0;32m  OK  [0m] Started Set console font and keymap.
[[0;32m  OK  [0m] Created slice system-getty.slice.
[[0;32m  OK  [0m] Reached target Network (Pre).
[[0;32m  OK  [0m] Started ifup for enp0s8.
         Starting Raise network interfaces...
[[0;32m  OK  [0m] Started ifup for enp0s3.
[[0;32m  OK  [0m] Started Raise network interfaces.
         Starting Initial cloud-init job (metadata service crawler)...
[[0;32m  OK  [0m] Reached target Network.
[   13.744960] cloud-init[1081]: Cloud-init v. 19.2-36-g059d049c-0ubuntu2~16.04.1 running 'init' at Thu, 16 Jan 2020 08:39:54 +0000. Up 13.52 seconds.
[   13.789910] cloud-init[1081]: ci-info: ++++++++++++++++++++++++++++++++++++++Net device info+++++++++++++++++++++++++++++++++++++++
[   13.791422] cloud-init[1081]: ci-info: +--------+------+-----------------------------+---------------+--------+-------------------+
[[0;32m  OK  [0m] Started Initial cloud-init job (metadata service crawler).
[[0;32m  OK  [0m] Reached target System Initialization.
[[0;32m  OK  [0m] Listening on D-Bus System Message Bus Socket.
[   13.796075] cloud-init[1081]: ci-info: | Device |  Up  |           Address           |      Mask     | Scope  |     Hw-Address    |
[   13.802184] cloud-init[1081]: ci-info: +--------+------+-----------------------------+---------------+--------+-------------------+
[   13.804567] [cloud-init[0;32m  OK  [0m[1081]: ] ci-info: | enp0s3 | True |          10.0.2.15          | 255.255.255.0 | global | 02:1a:6e:a3:7e:96 |Started Clean PHP session files every 30 mins.

[   13.804921] cloud-init[1081]: ci-info: | enp0s3 | True |  fe80::1a:6eff:fea3:7e96/64 |       .       |  link  | 02:1a:6e:a3:7e:96 |
[   13.809874] [cloud-init[0;32m  OK  [0m[1081]: ] ci-info: | enp0s8 | True |        192.168.33.80        | 255.255.255.0 | global | 08:00:27:55:db:b3 |Started ACPI Events Check.

[[0;32m  OK  [0m] Reached target Paths.
[[0;32m  OK  [0m] Started Message of the Day.
[   13.810197] cloud-init[1081]: ci-info: | enp0s8 | True | fe80::a00:27ff:fe55:dbb3/64 |       .       |  link  | 08:00:27:55:db:b3 |
[   13.960832] cloud-init[1081]: ci-info: |   lo   | True |          127.0.0.1          |   255.0.0.0   |  host  |         .         |
[   13.972853] cloud-init[1081]: ci-info: |   lo   | True |           ::1/128           |       .       |  host  |         .         |
[   13.977514] cloud-init[1081]: ci-info: +--------+------+-----------------------------+---------------+--------+-------------------+
[[0;32m  OK  [0m] Started Daily apt download activities.
[[0;32m  OK  [0m] Started Daily Cleanup of Temporary Directories.
[   13.987523] cloud-init[1081]: ci-info: ++++++++++++++++++++++++++++Route IPv4 info++++++++++++++++++++++++++++
[   13.997207] cloud-init[1081]: ci-info: +-------+--------------+----------+---------------+-----------+-------+
[   13.997689] cloud-init[1081]: ci-info: | Route | Destination  | Gateway  |    Genmask    | Interface | Flags |
[   13.997906] cloud-init[1081]: ci-info: +-------+--------------+----------+---------------+-----------+-------+
[   13.998115] cloud-init[1081]: ci-info: |   0   |   0.0.0.0    | 10.0.2.2 |    0.0.0.0    |   enp0s3  |   UG  |
[   13.998325] cloud-init[1081]: ci-info: |   1   |   10.0.2.0   | 0.0.0.0  | 255.255.255.0 |   enp0s3  |   U   |
[   13.998533] cloud-init[1081]: ci-info: |   2   | 192.168.33.0 | 0.0.0.0  | 255.255.255.0 |   enp0s8  |   U   |
[   13.998749] cloud-init[1081]: ci-info: +-------+--------------+----------+---------------+-----------+-------+
[   13.998949] cloud-init[1081]: ci-info: +++++++++++++++++++Route IPv6 info+++++++++++++++++++
[   13.999156] cloud-init[1081]: ci-info: +-------+-------------+---------+-----------+-------+
[   13.999401] cloud-init[1081]: ci-info: | Route | Destination | Gateway | Interface | Flags |
[   13.999582] cloud-init[1081]: ci-info: +-------+-------------+---------+-----------+-------+
[   13.999787] cloud-init[1081]: ci-info: |   0   |  fe80::/64  |    ::   |   enp0s8  |   U   |
[   13.999999] cloud-init[1081]: ci-info: |   1   |  fe80::/64  |    ::   |   enp0s3  |   U   |
[   14.000415] cloud-init[1081]: ci-info: |   4   |   ff00::/8  |    ::   |   enp0s8  |   U   |
[   14.000619] cloud-init[1081]: ci-info: |   5   |   ff00::/8  |    ::   |   enp0s3  |   U   |
[   14.000830] cloud-init[1081]: ci-info: +-------+-------------+---------+-----------+-------+
         Starting Socket activation for snappy daemon.
[[0;32m  OK  [0m] Listening on ACPID Listen Socket.
[[0;32m  OK  [0m] Listening on UUID daemon activation socket.
[[0;32m  OK  [0m] Started Daily apt upgrade and clean activities.
[[0;32m  OK  [0m] Reached target Timers.
         Starting LXD - unix socket.
[[0;32m  OK  [0m] Reached target Network is Online.
         Starting iSCSI initiator daemon (iscsid)...
[[0;32m  OK  [0m] Reached target Cloud-config availability.
[[0;32m  OK  [0m] Listening on Socket activation for snappy daemon.
[[0;32m  OK  [0m] Listening on LXD - unix socket.
[[0;32m  OK  [0m] Started iSCSI initiator daemon (iscsid).
         Starting Login to default iSCSI targets...
[[0;32m  OK  [0m] Reached target Sockets.
[[0;32m  OK  [0m] Reached target Basic System.
[[0;32m  OK  [0m] Started Deferred execution scheduler.
[[0;32m  OK  [0m] Started ACPI event daemon.
         Starting LSB: MD monitoring daemon...
         Starting Virtualbox guest utils...
         Starting Clean php session files...
[[0;32m  OK  [0m] Started FUSE filesystem for LXC.
         Starting LXD - container startup/shutdown...
         Starting System Logging Service...
         Starting Login Service...
         Starting /etc/rc.local Compatibility...
         Starting MySQL Community Server...
         Starting OpenBSD Secure Shell server...
         Starting LSB: Record successful boot for GRUB...
         Starting Accounts Service...
[[0;32m  OK  [0m] Started Regular background program processing daemon.
         Starting Snappy daemon...
         Starting Message of the Day...
[[0;32m  OK  [0m] Started D-Bus System Message Bus.
[[0;32m  OK  [0m] Started System Logging Service.
[[0;32m  OK  [0m] Started LXD - container startup/shutdown.
[[0;32m  OK  [0m] Started /etc/rc.local Compatibility.
[[0;32m  OK  [0m] Started OpenBSD Secure Shell server.
[[0;32m  OK  [0m] Started Login to default iSCSI targets.
[[0;32m  OK  [0m] Started LSB: MD monitoring daemon.
[[0;32m  OK  [0m] Started Virtualbox guest utils.
[[0;32m  OK  [0m] Started Clean php session files.
[[0;32m  OK  [0m] Started LSB: Record successful boot for GRUB.
[[0;32m  OK  [0m] Started Snappy daemon.
[[0;32m  OK  [0m] Started Login Service.
[[0;32m  OK  [0m] Started Unattended Upgrades Shutdown.
         Starting Authenticate and Authorize Users to Run Privileged Tasks...
         Starting Wait until snapd is fully seeded...
[[0;32m  OK  [0m] Reached target Remote File Systems (Pre).
[[0;32m  OK  [0m] Reached target Remote File Systems.
         Starting LSB: automatic crash report generation...
         Starting LSB: Set the CPU Frequency Scaling governor to "ondemand"...
         Starting LSB: daemon to balance interrupts for SMP systems...
         Starting Permit User Sessions...
         Starting LSB: Apache2 web server...
[[0;32m  OK  [0m] Started Wait until snapd is fully seeded.
[[0;32m  OK  [0m] Started Permit User Sessions.
[[0;32m  OK  [0m] Started Authenticate and Authorize Users to Run Privileged Tasks.
[[0;32m  OK  [0m] Started Accounts Service.
[[0;32m  OK  [0m] Started LSB: Set the CPU Frequency Scaling governor to "ondemand".
[[0;32m  OK  [0m] Started LSB: automatic crash report generation.
[[0;32m  OK  [0m] Started LSB: daemon to balance interrupts for SMP systems.
         Starting Terminate Plymouth Boot Screen...
         Starting Hold until boot process finishes up...
         Starting Apply the settings specified in cloud-config...
[[0;32m  OK  [0m] Started Terminate Plymouth Boot Screen.
[[0;32m  OK  [0m] Started Hold until boot process finishes up.
[[0;32m  OK  [0m] Started Getty on tty1.
[[0;32m  OK  [0m] Started Serial Getty on ttyS0.
[[0;32m  OK  [0m] Reached target Login Prompts.
         Starting Set console scheme...
[[0;32m  OK  [0m] Started Set console scheme.
[   15.541743] cloud-init[1448]: Cloud-init v. 19.2-36-g059d049c-0ubuntu2~16.04.1 running 'modules:config' at Thu, 16 Jan 2020 08:39:56 +0000. Up 15.44 seconds.
[[0;32m  OK  [0m] Started Apply the settings specified in cloud-config.
[[0;32m  OK  [0m] Started MySQL Community Server.
[[0;32m  OK  [0m] Created slice User Slice of vagrant.
         Starting User Manager for UID 1000...
[[0;32m  OK  [0m] Started Session 1 of user vagrant.
[[0;32m  OK  [0m] Started User Manager for UID 1000.
[[0;32m  OK  [0m] Started LSB: Apache2 web server.
[[0;32m  OK  [0m] Reached target Multi-User System.
[[0;32m  OK  [0m] Reached target Graphical Interface.
         Starting Update UTMP about System Runlevel Changes...
         Starting Execute cloud user/final scripts...
[[0;32m  OK  [0m] Started Update UTMP about System Runlevel Changes.
[   16.852123] cloud-init[1538]: Cloud-init v. 19.2-36-g059d049c-0ubuntu2~16.04.1 running 'modules:final' at Thu, 16 Jan 2020 08:39:57 +0000. Up 16.78 seconds.
[   16.867462] cloud-init[1538]: Cloud-init v. 19.2-36-g059d049c-0ubuntu2~16.04.1 finished at Thu, 16 Jan 2020 08:39:57 +0000. Datasource DataSourceNoCloud [seed=/dev/sdb][dsmode=net].  Up 16.84 seconds
[[0;32m  OK  [0m] Started Execute cloud user/final scripts.
         Starting Daily apt download activities...
[[0;32m  OK  [0m] Reached target Cloud-init target.

Ubuntu 16.04.6 LTS ubuntu-xenial ttyS0

ubuntu-xenial login: 